QUEENS ONE CPS BENCHMARK (8 queens):
╭────────────────────────┬───────────────────────────┬───────────────────────────┬───────────────────────────┬───────────────────────────╮
│name                    │  major-allocated          │  minor-allocated          │  monotonic-clock          │  promoted                 │
├────────────────────────┼───────────────────────────┼───────────────────────────┼───────────────────────────┼───────────────────────────┤
│  Generated, optimized  │            10.8888 mjw/run│         12974.2756 mnw/run│          28521.8225 ns/run│              10.8888 p/run│
│  Native                │             4.5597 mjw/run│          8373.1856 mnw/run│          18472.2357 ns/run│               4.5597 p/run│
╰────────────────────────┴───────────────────────────┴───────────────────────────┴───────────────────────────┴───────────────────────────╯


QUEENS ONE OPTION BENCHMARK (8 queens):
╭────────────────────────┬───────────────────────────┬───────────────────────────┬───────────────────────────┬───────────────────────────╮
│name                    │  major-allocated          │  minor-allocated          │  monotonic-clock          │  promoted                 │
├────────────────────────┼───────────────────────────┼───────────────────────────┼───────────────────────────┼───────────────────────────┤
│  Generated, optimized  │             9.2009 mjw/run│         11947.1968 mnw/run│          30429.3974 ns/run│               9.2009 p/run│
│  Native                │             2.4619 mjw/run│          5141.6286 mnw/run│          19277.6187 ns/run│               2.4619 p/run│
╰────────────────────────┴───────────────────────────┴───────────────────────────┴───────────────────────────┴───────────────────────────╯


QUEENS ALL BENCHMARK (8 queens):
╭────────────────────────┬───────────────────────────┬───────────────────────────┬───────────────────────────┬───────────────────────────╮
│name                    │  major-allocated          │  minor-allocated          │  monotonic-clock          │  promoted                 │
├────────────────────────┼───────────────────────────┼───────────────────────────┼───────────────────────────┼───────────────────────────┤
│  Generated, optimized  │          2634.9371 mjw/run│        212943.9417 mnw/run│         938598.0650 ns/run│            2634.9371 p/run│
│  Native                │           642.1970 mjw/run│         91739.4976 mnw/run│        1013215.4996 ns/run│             642.1970 p/run│
╰────────────────────────┴───────────────────────────┴───────────────────────────┴───────────────────────────┴───────────────────────────╯


